<?xml version="1.0" encoding="UTF-8"?>
<testsuites name="jest tests" tests="3" failures="0" errors="0" time="4.493">
  <testsuite name="undefined" errors="0" failures="0" skipped="2" timestamp="2022-06-14T05:47:36" time="4.153" tests="3">
    <testcase classname=" should return 2 data in total because limit of the data is 2 and sort with DATE ASC " name=" should return 2 data in total because limit of the data is 2 and sort with DATE ASC " time="0.066">
    </testcase>
    <testcase classname=" should return 2 data in total because limit of the data is 2 and sort with DATE DESC " name=" should return 2 data in total because limit of the data is 2 and sort with DATE DESC " time="0">
      <skipped/>
    </testcase>
    <testcase classname=" should return next 2 data after cursor MQ == sort and sort with DATE ASC " name=" should return next 2 data after cursor MQ == sort and sort with DATE ASC " time="0">
      <skipped/>
    </testcase>
  </testsuite>
</testsuites>